******************************************************************************
            TI ARM Clang Linker PC v4.0.4                      
******************************************************************************
>> Linked Mon Nov 10 16:26:52 2025

OUTPUT FILE NAME:   <spi_controller_register_format_LP_MSPM0C1104_nortos_ticlang.out>
ENTRY POINT SYMBOL: "_c_int00_noargs"  address: 00000505


MEMORY CONFIGURATION

         name            origin    length      used     unused   attr    fill
----------------------  --------  ---------  --------  --------  ----  --------
  FLASH                 00000000   00004000  000005d0  00003a30  R  X
  SRAM                  20000000   00000400  0000006f  00000391  RW X
  BCR_CONFIG            41c00000   000000ff  00000000  000000ff  R   


SEGMENT ALLOCATION MAP

run origin  load origin   length   init length attrs members
----------  ----------- ---------- ----------- ----- -------
00000000    00000000    000005d0   000005d0    r-x
  00000000    00000000    000000c0   000000c0    r-- .intvecs
  000000c0    000000c0    000004e8   000004e8    r-x .text
  000005a8    000005a8    00000010   00000010    r-- .rodata
  000005b8    000005b8    00000018   00000018    r-- .cinit
20000000    20000000    0000002f   00000000    rw-
  20000000    20000000    0000002f   00000000    rw- .data
200003c0    200003c0    00000040   00000000    rw-
  200003c0    200003c0    00000040   00000000    rw- .stack


SECTION ALLOCATION MAP

 output                                  attributes/
section   page    origin      length       input sections
--------  ----  ----------  ----------   ----------------
.intvecs   0    00000000    000000c0     
                  00000000    000000c0     startup_mspm0c110x_ticlang.o (.intvecs)

.text      0    000000c0    000004e8     
                  000000c0    00000124     spi_controller_register_format.o (.text.main)
                  000001e4    000000d8     spi_controller_register_format.o (.text.SPI0_IRQHandler)
                  000002bc    0000009a     libc.a : memcpy16.S.obj (.text:memcpy)
                  00000356    00000002     startup_mspm0c110x_ticlang.o (.text.Default_Handler)
                  00000358    0000007c     libc.a : copy_decompress_lzss.c.obj (.text:decompress:lzss)
                  000003d4    00000058     ti_msp_dl_config.o (.text.SYSCFG_DL_SPI_0_init)
                  0000042c    00000044     driverlib.a : dl_spi.o (.text.DL_SPI_init)
                  00000470    0000003c     libc.a : autoinit.c.obj (.text:__TI_auto_init_nobinit_nopinit)
                  000004ac    0000002c     ti_msp_dl_config.o (.text.SYSCFG_DL_GPIO_init)
                  000004d8    0000002c     ti_msp_dl_config.o (.text.SYSCFG_DL_initPower)
                  00000504    00000028     libc.a : boot_cortex_m.c.obj (.text:_c_int00_noargs)
                  0000052c    0000001c     ti_msp_dl_config.o (.text.SYSCFG_DL_SYSCTL_init)
                  00000548    00000014     ti_msp_dl_config.o (.text.SYSCFG_DL_init)
                  0000055c    00000012     driverlib.a : dl_spi.o (.text.DL_SPI_setClockConfig)
                  0000056e    00000012     libc.a : copy_decompress_none.c.obj (.text:decompress:none)
                  00000580    0000000a     driverlib.a : dl_common.o (.text.DL_Common_delayCycles)
                  0000058a    00000002     --HOLE-- [fill = 0]
                  0000058c    00000008     libclang_rt.builtins.a : aeabi_memcpy.S.obj (.text.__aeabi_memcpy)
                  00000594    00000006     libc.a : exit.c.obj (.text:abort)
                  0000059a    00000004     libsysbm.a : hostexit.c.obj (.text.HOSTexit)
                  0000059e    00000004     startup_mspm0c110x_ticlang.o (.text.Reset_Handler)
                  000005a2    00000004     libc.a : pre_init.c.obj (.text._system_pre_init)
                  000005a6    00000002     --HOLE-- [fill = 0]

.cinit     0    000005b8    00000018     
                  000005b8    00000008     (.cinit..data.load) [load image, compression = lzss]
                  000005c0    00000008     (__TI_handler_table)
                  000005c8    00000008     (__TI_cinit_table)

.rodata    0    000005a8    00000010     
                  000005a8    0000000a     ti_msp_dl_config.o (.rodata.gSPI_0_config)
                  000005b2    00000002     ti_msp_dl_config.o (.rodata.gSPI_0_clockConfig)
                  000005b4    00000004     --HOLE-- [fill = 0]

.init_array 
*          0    00000000    00000000     UNINITIALIZED

.binit     0    00000000    00000000     

.data      0    20000000    0000002f     UNINITIALIZED
                  20000000    00000014     spi_controller_register_format.o (.data.gRxBuffer)
                  20000014    00000014     spi_controller_register_format.o (.data.gTxBuffer)
                  20000028    00000002     spi_controller_register_format.o (.data.gCmdReadType1Buffer)
                  2000002a    00000001     spi_controller_register_format.o (.data.gControllerMode)
                  2000002b    00000001     spi_controller_register_format.o (.data.gRxByteCount)
                  2000002c    00000001     spi_controller_register_format.o (.data.gRxIndex)
                  2000002d    00000001     spi_controller_register_format.o (.data.gTxByteCount)
                  2000002e    00000001     spi_controller_register_format.o (.data.gTxIndex)

.stack     0    200003c0    00000040     UNINITIALIZED
                  200003c0    00000004     libc.a : boot_cortex_m.c.obj (.stack)
                  200003c4    0000003c     --HOLE--

__llvm_prf_cnts 
*          0    20000000    00000000     UNINITIALIZED

__llvm_prf_bits 
*          0    20000000    00000000     UNINITIALIZED

MODULE SUMMARY

       Module                             code   ro data   rw data
       ------                             ----   -------   -------
    .\
       spi_controller_register_format.o   508    0         47     
       ti_msp_dl_config.o                 224    12        0      
       startup_mspm0c110x_ticlang.o       6      192       0      
    +--+----------------------------------+------+---------+---------+
       Total:                             738    204       47     
                                                                  
    C:/ti/mspm0_sdk_2_07_00_05/source/ti/driverlib/lib/ticlang/m0p/mspm0c110x/driverlib.a
       dl_spi.o                           86     0         0      
       dl_common.o                        10     0         0      
    +--+----------------------------------+------+---------+---------+
       Total:                             96     0         0      
                                                                  
    C:\ti\ccs2031\ccs\tools\compiler\ti-cgt-armllvm_4.0.4.LTS\lib\armv6m-ti-none-eabi/c/libc.a
       memcpy16.S.obj                     154    0         0      
       copy_decompress_lzss.c.obj         124    0         0      
       autoinit.c.obj                     60     0         0      
       boot_cortex_m.c.obj                40     0         0      
       copy_decompress_none.c.obj         18     0         0      
       exit.c.obj                         6      0         0      
       pre_init.c.obj                     4      0         0      
    +--+----------------------------------+------+---------+---------+
       Total:                             406    0         0      
                                                                  
    C:\ti\ccs2031\ccs\tools\compiler\ti-cgt-armllvm_4.0.4.LTS\lib\armv6m-ti-none-eabi/c/libsysbm.a
       hostexit.c.obj                     4      0         0      
    +--+----------------------------------+------+---------+---------+
       Total:                             4      0         0      
                                                                  
    C:\ti\ccs2031\ccs\tools\compiler\ti-cgt-armllvm_4.0.4.LTS\lib\armv6m-ti-none-eabi/libclang_rt.builtins.a
       aeabi_memcpy.S.obj                 8      0         0      
    +--+----------------------------------+------+---------+---------+
       Total:                             8      0         0      
                                                                  
       Stack:                             0      0         64     
       Linker Generated:                  0      24        0      
    +--+----------------------------------+------+---------+---------+
       Grand Total:                       1252   228       111    


LINKER GENERATED COPY TABLES

__TI_cinit_table @ 000005c8 records: 1, size/record: 8, table size: 8
	.data: load addr=000005b8, load size=00000008 bytes, run addr=20000000, run size=0000002f bytes, compression=lzss


LINKER GENERATED HANDLER TABLE

__TI_handler_table @ 000005c0 records: 2, size/record: 4, table size: 8
	index: 0, handler: __TI_decompress_lzss
	index: 1, handler: __TI_decompress_none


GLOBAL SYMBOLS: SORTED ALPHABETICALLY BY Name 

address   name                          
-------   ----                          
00000357  ADC0_IRQHandler               
0000059a  C$$EXIT                       
00000581  DL_Common_delayCycles         
0000042d  DL_SPI_init                   
0000055d  DL_SPI_setClockConfig         
00000357  DMA_IRQHandler                
00000357  Default_Handler               
00000357  GPIOA_IRQHandler              
00000357  GROUP0_IRQHandler             
0000059b  HOSTexit                      
00000357  HardFault_Handler             
00000357  I2C0_IRQHandler               
00000357  NMI_Handler                   
00000357  PendSV_Handler                
0000059f  Reset_Handler                 
000001e5  SPI0_IRQHandler               
00000357  SVC_Handler                   
000004ad  SYSCFG_DL_GPIO_init           
000003d5  SYSCFG_DL_SPI_0_init          
0000052d  SYSCFG_DL_SYSCTL_init         
00000549  SYSCFG_DL_init                
000004d9  SYSCFG_DL_initPower           
00000357  SysTick_Handler               
00000357  TIMA0_IRQHandler              
00000357  TIMG14_IRQHandler             
00000357  TIMG8_IRQHandler              
00000357  UART0_IRQHandler              
20000400  __STACK_END                   
00000040  __STACK_SIZE                  
00000000  __TI_ATRegion0_region_sz      
00000000  __TI_ATRegion0_src_addr       
00000000  __TI_ATRegion0_trg_addr       
00000000  __TI_ATRegion1_region_sz      
00000000  __TI_ATRegion1_src_addr       
00000000  __TI_ATRegion1_trg_addr       
00000000  __TI_ATRegion2_region_sz      
00000000  __TI_ATRegion2_src_addr       
00000000  __TI_ATRegion2_trg_addr       
000005c8  __TI_CINIT_Base               
000005d0  __TI_CINIT_Limit              
000005d0  __TI_CINIT_Warm               
000005c0  __TI_Handler_Table_Base       
000005c8  __TI_Handler_Table_Limit      
00000471  __TI_auto_init_nobinit_nopinit
00000359  __TI_decompress_lzss          
0000056f  __TI_decompress_none          
ffffffff  __TI_pprof_out_hndl           
ffffffff  __TI_prof_data_size           
ffffffff  __TI_prof_data_start          
00000000  __TI_static_base__            
0000058d  __aeabi_memcpy                
0000058d  __aeabi_memcpy4               
0000058d  __aeabi_memcpy8               
ffffffff  __binit__                     
UNDEFED   __mpu_init                    
200003c0  __stack                       
20000000  __start___llvm_prf_bits       
20000000  __start___llvm_prf_cnts       
20000000  __stop___llvm_prf_bits        
20000000  __stop___llvm_prf_cnts        
00000505  _c_int00_noargs               
UNDEFED   _system_post_cinit            
000005a3  _system_pre_init              
00000595  abort                         
ffffffff  binit                         
20000028  gCmdReadType1Buffer           
2000002a  gControllerMode               
20000000  gRxBuffer                     
2000002b  gRxByteCount                  
2000002c  gRxIndex                      
20000014  gTxBuffer                     
2000002d  gTxByteCount                  
2000002e  gTxIndex                      
00000000  interruptVectors              
000000c1  main                          
000002bd  memcpy                        


GLOBAL SYMBOLS: SORTED BY Symbol Address 

address   name                          
-------   ----                          
00000000  __TI_ATRegion0_region_sz      
00000000  __TI_ATRegion0_src_addr       
00000000  __TI_ATRegion0_trg_addr       
00000000  __TI_ATRegion1_region_sz      
00000000  __TI_ATRegion1_src_addr       
00000000  __TI_ATRegion1_trg_addr       
00000000  __TI_ATRegion2_region_sz      
00000000  __TI_ATRegion2_src_addr       
00000000  __TI_ATRegion2_trg_addr       
00000000  __TI_static_base__            
00000000  interruptVectors              
00000040  __STACK_SIZE                  
000000c1  main                          
000001e5  SPI0_IRQHandler               
000002bd  memcpy                        
00000357  ADC0_IRQHandler               
00000357  DMA_IRQHandler                
00000357  Default_Handler               
00000357  GPIOA_IRQHandler              
00000357  GROUP0_IRQHandler             
00000357  HardFault_Handler             
00000357  I2C0_IRQHandler               
00000357  NMI_Handler                   
00000357  PendSV_Handler                
00000357  SVC_Handler                   
00000357  SysTick_Handler               
00000357  TIMA0_IRQHandler              
00000357  TIMG14_IRQHandler             
00000357  TIMG8_IRQHandler              
00000357  UART0_IRQHandler              
00000359  __TI_decompress_lzss          
000003d5  SYSCFG_DL_SPI_0_init          
0000042d  DL_SPI_init                   
00000471  __TI_auto_init_nobinit_nopinit
000004ad  SYSCFG_DL_GPIO_init           
000004d9  SYSCFG_DL_initPower           
00000505  _c_int00_noargs               
0000052d  SYSCFG_DL_SYSCTL_init         
00000549  SYSCFG_DL_init                
0000055d  DL_SPI_setClockConfig         
0000056f  __TI_decompress_none          
00000581  DL_Common_delayCycles         
0000058d  __aeabi_memcpy                
0000058d  __aeabi_memcpy4               
0000058d  __aeabi_memcpy8               
00000595  abort                         
0000059a  C$$EXIT                       
0000059b  HOSTexit                      
0000059f  Reset_Handler                 
000005a3  _system_pre_init              
000005c0  __TI_Handler_Table_Base       
000005c8  __TI_CINIT_Base               
000005c8  __TI_Handler_Table_Limit      
000005d0  __TI_CINIT_Limit              
000005d0  __TI_CINIT_Warm               
20000000  __start___llvm_prf_bits       
20000000  __start___llvm_prf_cnts       
20000000  __stop___llvm_prf_bits        
20000000  __stop___llvm_prf_cnts        
20000000  gRxBuffer                     
20000014  gTxBuffer                     
20000028  gCmdReadType1Buffer           
2000002a  gControllerMode               
2000002b  gRxByteCount                  
2000002c  gRxIndex                      
2000002d  gTxByteCount                  
2000002e  gTxIndex                      
200003c0  __stack                       
20000400  __STACK_END                   
ffffffff  __TI_pprof_out_hndl           
ffffffff  __TI_prof_data_size           
ffffffff  __TI_prof_data_start          
ffffffff  __binit__                     
ffffffff  binit                         
UNDEFED   __mpu_init                    
UNDEFED   _system_post_cinit            

[76 symbols]
