******************************************************************************
            TI ARM Clang Linker PC v4.0.4                      
******************************************************************************
>> Linked Mon Nov 10 12:44:15 2025

OUTPUT FILE NAME:   <spi_controller_register_format_LP_MSPM0C1104_nortos_ticlang.out>
ENTRY POINT SYMBOL: "_c_int00_noargs"  address: 00000669


MEMORY CONFIGURATION

         name            origin    length      used     unused   attr    fill
----------------------  --------  ---------  --------  --------  ----  --------
  FLASH                 00000000   00004000  00000748  000038b8  R  X
  SRAM                  20000000   00000400  0000007f  00000381  RW X
  BCR_CONFIG            41c00000   000000ff  00000000  000000ff  R   


SEGMENT ALLOCATION MAP

run origin  load origin   length   init length attrs members
----------  ----------- ---------- ----------- ----- -------
00000000    00000000    00000748   00000748    r-x
  00000000    00000000    000000c0   000000c0    r-- .intvecs
  000000c0    000000c0    00000650   00000650    r-x .text
  00000710    00000710    00000010   00000010    r-- .rodata
  00000720    00000720    00000028   00000028    r-- .cinit
20000000    20000000    0000003f   00000000    rw-
  20000000    20000000    0000003f   00000000    rw- .data
200003c0    200003c0    00000040   00000000    rw-
  200003c0    200003c0    00000040   00000000    rw- .stack


SECTION ALLOCATION MAP

 output                                  attributes/
section   page    origin      length       input sections
--------  ----  ----------  ----------   ----------------
.intvecs   0    00000000    000000c0     
                  00000000    000000c0     startup_mspm0c110x_ticlang.o (.intvecs)

.text      0    000000c0    00000650     
                  000000c0    00000284     spi_controller_register_format.o (.text.main)
                  00000344    000000d8     spi_controller_register_format.o (.text.SPI0_IRQHandler)
                  0000041c    0000009a     libc.a : memcpy16.S.obj (.text:memcpy)
                  000004b6    00000002     startup_mspm0c110x_ticlang.o (.text.Default_Handler)
                  000004b8    0000007c     libc.a : copy_decompress_lzss.c.obj (.text:decompress:lzss)
                  00000534    00000058     ti_msp_dl_config.o (.text.SYSCFG_DL_SPI_0_init)
                  0000058c    00000044     driverlib.a : dl_spi.o (.text.DL_SPI_init)
                  000005d0    0000003c     libc.a : autoinit.c.obj (.text:__TI_auto_init_nobinit_nopinit)
                  0000060c    00000030     ti_msp_dl_config.o (.text.SYSCFG_DL_GPIO_init)
                  0000063c    0000002c     ti_msp_dl_config.o (.text.SYSCFG_DL_initPower)
                  00000668    00000028     libc.a : boot_cortex_m.c.obj (.text:_c_int00_noargs)
                  00000690    0000001c     ti_msp_dl_config.o (.text.SYSCFG_DL_SYSCTL_init)
                  000006ac    00000014     ti_msp_dl_config.o (.text.SYSCFG_DL_init)
                  000006c0    00000012     driverlib.a : dl_spi.o (.text.DL_SPI_setClockConfig)
                  000006d2    00000012     libc.a : copy_decompress_none.c.obj (.text:decompress:none)
                  000006e4    0000000a     driverlib.a : dl_common.o (.text.DL_Common_delayCycles)
                  000006ee    00000002     --HOLE-- [fill = 0]
                  000006f0    00000008     libclang_rt.builtins.a : aeabi_memcpy.S.obj (.text.__aeabi_memcpy)
                  000006f8    00000006     libc.a : exit.c.obj (.text:abort)
                  000006fe    00000004     libsysbm.a : hostexit.c.obj (.text.HOSTexit)
                  00000702    00000004     startup_mspm0c110x_ticlang.o (.text.Reset_Handler)
                  00000706    00000004     libc.a : pre_init.c.obj (.text._system_pre_init)
                  0000070a    00000006     --HOLE-- [fill = 0]

.cinit     0    00000720    00000028     
                  00000720    00000017     (.cinit..data.load) [load image, compression = lzss]
                  00000737    00000001     --HOLE-- [fill = 0]
                  00000738    00000008     (__TI_handler_table)
                  00000740    00000008     (__TI_cinit_table)

.rodata    0    00000710    00000010     
                  00000710    0000000a     ti_msp_dl_config.o (.rodata.gSPI_0_config)
                  0000071a    00000002     ti_msp_dl_config.o (.rodata.gSPI_0_clockConfig)
                  0000071c    00000004     --HOLE-- [fill = 0]

.init_array 
*          0    00000000    00000000     UNINITIALIZED

.binit     0    00000000    00000000     

.data      0    20000000    0000003f     UNINITIALIZED
                  20000000    00000014     spi_controller_register_format.o (.data.gRxBuffer)
                  20000014    00000014     spi_controller_register_format.o (.data.gTxBuffer)
                  20000028    00000006     spi_controller_register_format.o (.data.gCmdReadType2Buffer)
                  2000002e    00000006     spi_controller_register_format.o (.data.gCmdWriteType2Buffer)
                  20000034    00000002     spi_controller_register_format.o (.data.gCmdReadType1Buffer)
                  20000036    00000002     spi_controller_register_format.o (.data.gCmdWriteType1Buffer)
                  20000038    00000001     spi_controller_register_format.o (.data.gCmdReadType0Buffer)
                  20000039    00000001     spi_controller_register_format.o (.data.gCmdWriteType0Buffer)
                  2000003a    00000001     spi_controller_register_format.o (.data.gControllerMode)
                  2000003b    00000001     spi_controller_register_format.o (.data.gRxByteCount)
                  2000003c    00000001     spi_controller_register_format.o (.data.gRxIndex)
                  2000003d    00000001     spi_controller_register_format.o (.data.gTxByteCount)
                  2000003e    00000001     spi_controller_register_format.o (.data.gTxIndex)

.stack     0    200003c0    00000040     UNINITIALIZED
                  200003c0    00000004     libc.a : boot_cortex_m.c.obj (.stack)
                  200003c4    0000003c     --HOLE--

__llvm_prf_cnts 
*          0    20000000    00000000     UNINITIALIZED

__llvm_prf_bits 
*          0    20000000    00000000     UNINITIALIZED

MODULE SUMMARY

       Module                             code   ro data   rw data
       ------                             ----   -------   -------
    .\
       spi_controller_register_format.o   860    0         63     
       ti_msp_dl_config.o                 228    12        0      
       startup_mspm0c110x_ticlang.o       6      192       0      
    +--+----------------------------------+------+---------+---------+
       Total:                             1094   204       63     
                                                                  
    C:/ti/mspm0_sdk_2_07_00_05/source/ti/driverlib/lib/ticlang/m0p/mspm0c110x/driverlib.a
       dl_spi.o                           86     0         0      
       dl_common.o                        10     0         0      
    +--+----------------------------------+------+---------+---------+
       Total:                             96     0         0      
                                                                  
    C:\ti\ccs2031\ccs\tools\compiler\ti-cgt-armllvm_4.0.4.LTS\lib\armv6m-ti-none-eabi/c/libc.a
       memcpy16.S.obj                     154    0         0      
       copy_decompress_lzss.c.obj         124    0         0      
       autoinit.c.obj                     60     0         0      
       boot_cortex_m.c.obj                40     0         0      
       copy_decompress_none.c.obj         18     0         0      
       exit.c.obj                         6      0         0      
       pre_init.c.obj                     4      0         0      
    +--+----------------------------------+------+---------+---------+
       Total:                             406    0         0      
                                                                  
    C:\ti\ccs2031\ccs\tools\compiler\ti-cgt-armllvm_4.0.4.LTS\lib\armv6m-ti-none-eabi/c/libsysbm.a
       hostexit.c.obj                     4      0         0      
    +--+----------------------------------+------+---------+---------+
       Total:                             4      0         0      
                                                                  
    C:\ti\ccs2031\ccs\tools\compiler\ti-cgt-armllvm_4.0.4.LTS\lib\armv6m-ti-none-eabi/libclang_rt.builtins.a
       aeabi_memcpy.S.obj                 8      0         0      
    +--+----------------------------------+------+---------+---------+
       Total:                             8      0         0      
                                                                  
       Stack:                             0      0         64     
       Linker Generated:                  0      39        0      
    +--+----------------------------------+------+---------+---------+
       Grand Total:                       1608   243       127    


LINKER GENERATED COPY TABLES

__TI_cinit_table @ 00000740 records: 1, size/record: 8, table size: 8
	.data: load addr=00000720, load size=00000017 bytes, run addr=20000000, run size=0000003f bytes, compression=lzss


LINKER GENERATED HANDLER TABLE

__TI_handler_table @ 00000738 records: 2, size/record: 4, table size: 8
	index: 0, handler: __TI_decompress_lzss
	index: 1, handler: __TI_decompress_none


GLOBAL SYMBOLS: SORTED ALPHABETICALLY BY Name 

address   name                          
-------   ----                          
000004b7  ADC0_IRQHandler               
000006fe  C$$EXIT                       
000006e5  DL_Common_delayCycles         
0000058d  DL_SPI_init                   
000006c1  DL_SPI_setClockConfig         
000004b7  DMA_IRQHandler                
000004b7  Default_Handler               
000004b7  GPIOA_IRQHandler              
000004b7  GROUP0_IRQHandler             
000006ff  HOSTexit                      
000004b7  HardFault_Handler             
000004b7  I2C0_IRQHandler               
000004b7  NMI_Handler                   
000004b7  PendSV_Handler                
00000703  Reset_Handler                 
00000345  SPI0_IRQHandler               
000004b7  SVC_Handler                   
0000060d  SYSCFG_DL_GPIO_init           
00000535  SYSCFG_DL_SPI_0_init          
00000691  SYSCFG_DL_SYSCTL_init         
000006ad  SYSCFG_DL_init                
0000063d  SYSCFG_DL_initPower           
000004b7  SysTick_Handler               
000004b7  TIMA0_IRQHandler              
000004b7  TIMG14_IRQHandler             
000004b7  TIMG8_IRQHandler              
000004b7  UART0_IRQHandler              
20000400  __STACK_END                   
00000040  __STACK_SIZE                  
00000000  __TI_ATRegion0_region_sz      
00000000  __TI_ATRegion0_src_addr       
00000000  __TI_ATRegion0_trg_addr       
00000000  __TI_ATRegion1_region_sz      
00000000  __TI_ATRegion1_src_addr       
00000000  __TI_ATRegion1_trg_addr       
00000000  __TI_ATRegion2_region_sz      
00000000  __TI_ATRegion2_src_addr       
00000000  __TI_ATRegion2_trg_addr       
00000740  __TI_CINIT_Base               
00000748  __TI_CINIT_Limit              
00000748  __TI_CINIT_Warm               
00000738  __TI_Handler_Table_Base       
00000740  __TI_Handler_Table_Limit      
000005d1  __TI_auto_init_nobinit_nopinit
000004b9  __TI_decompress_lzss          
000006d3  __TI_decompress_none          
ffffffff  __TI_pprof_out_hndl           
ffffffff  __TI_prof_data_size           
ffffffff  __TI_prof_data_start          
00000000  __TI_static_base__            
000006f1  __aeabi_memcpy                
000006f1  __aeabi_memcpy4               
000006f1  __aeabi_memcpy8               
ffffffff  __binit__                     
UNDEFED   __mpu_init                    
200003c0  __stack                       
20000000  __start___llvm_prf_bits       
20000000  __start___llvm_prf_cnts       
20000000  __stop___llvm_prf_bits        
20000000  __stop___llvm_prf_cnts        
00000669  _c_int00_noargs               
UNDEFED   _system_post_cinit            
00000707  _system_pre_init              
000006f9  abort                         
ffffffff  binit                         
20000038  gCmdReadType0Buffer           
20000034  gCmdReadType1Buffer           
20000028  gCmdReadType2Buffer           
20000039  gCmdWriteType0Buffer          
20000036  gCmdWriteType1Buffer          
2000002e  gCmdWriteType2Buffer          
2000003a  gControllerMode               
20000000  gRxBuffer                     
2000003b  gRxByteCount                  
2000003c  gRxIndex                      
20000014  gTxBuffer                     
2000003d  gTxByteCount                  
2000003e  gTxIndex                      
00000000  interruptVectors              
000000c1  main                          
0000041d  memcpy                        


GLOBAL SYMBOLS: SORTED BY Symbol Address 

address   name                          
-------   ----                          
00000000  __TI_ATRegion0_region_sz      
00000000  __TI_ATRegion0_src_addr       
00000000  __TI_ATRegion0_trg_addr       
00000000  __TI_ATRegion1_region_sz      
00000000  __TI_ATRegion1_src_addr       
00000000  __TI_ATRegion1_trg_addr       
00000000  __TI_ATRegion2_region_sz      
00000000  __TI_ATRegion2_src_addr       
00000000  __TI_ATRegion2_trg_addr       
00000000  __TI_static_base__            
00000000  interruptVectors              
00000040  __STACK_SIZE                  
000000c1  main                          
00000345  SPI0_IRQHandler               
0000041d  memcpy                        
000004b7  ADC0_IRQHandler               
000004b7  DMA_IRQHandler                
000004b7  Default_Handler               
000004b7  GPIOA_IRQHandler              
000004b7  GROUP0_IRQHandler             
000004b7  HardFault_Handler             
000004b7  I2C0_IRQHandler               
000004b7  NMI_Handler                   
000004b7  PendSV_Handler                
000004b7  SVC_Handler                   
000004b7  SysTick_Handler               
000004b7  TIMA0_IRQHandler              
000004b7  TIMG14_IRQHandler             
000004b7  TIMG8_IRQHandler              
000004b7  UART0_IRQHandler              
000004b9  __TI_decompress_lzss          
00000535  SYSCFG_DL_SPI_0_init          
0000058d  DL_SPI_init                   
000005d1  __TI_auto_init_nobinit_nopinit
0000060d  SYSCFG_DL_GPIO_init           
0000063d  SYSCFG_DL_initPower           
00000669  _c_int00_noargs               
00000691  SYSCFG_DL_SYSCTL_init         
000006ad  SYSCFG_DL_init                
000006c1  DL_SPI_setClockConfig         
000006d3  __TI_decompress_none          
000006e5  DL_Common_delayCycles         
000006f1  __aeabi_memcpy                
000006f1  __aeabi_memcpy4               
000006f1  __aeabi_memcpy8               
000006f9  abort                         
000006fe  C$$EXIT                       
000006ff  HOSTexit                      
00000703  Reset_Handler                 
00000707  _system_pre_init              
00000738  __TI_Handler_Table_Base       
00000740  __TI_CINIT_Base               
00000740  __TI_Handler_Table_Limit      
00000748  __TI_CINIT_Limit              
00000748  __TI_CINIT_Warm               
20000000  __start___llvm_prf_bits       
20000000  __start___llvm_prf_cnts       
20000000  __stop___llvm_prf_bits        
20000000  __stop___llvm_prf_cnts        
20000000  gRxBuffer                     
20000014  gTxBuffer                     
20000028  gCmdReadType2Buffer           
2000002e  gCmdWriteType2Buffer          
20000034  gCmdReadType1Buffer           
20000036  gCmdWriteType1Buffer          
20000038  gCmdReadType0Buffer           
20000039  gCmdWriteType0Buffer          
2000003a  gControllerMode               
2000003b  gRxByteCount                  
2000003c  gRxIndex                      
2000003d  gTxByteCount                  
2000003e  gTxIndex                      
200003c0  __stack                       
20000400  __STACK_END                   
ffffffff  __TI_pprof_out_hndl           
ffffffff  __TI_prof_data_size           
ffffffff  __TI_prof_data_start          
ffffffff  __binit__                     
ffffffff  binit                         
UNDEFED   __mpu_init                    
UNDEFED   _system_post_cinit            

[81 symbols]
